---
source: crates/trust-syntax/tests/parser_pous.rs
assertion_line: 214
expression: snapshot_parse(source)
---
SourceFile@0..89
  Program@0..89
    KwProgram@0..7 "PROGRAM"
    Name@7..17
      Ident@8..12 "Test"
    StmtList@17..78
      Action@17..78
        KwAction@17..23 "ACTION"
        Name@23..29
          Ident@24..29 "Reset"
        Colon@29..30 ":"
        StmtList@30..67
          AssignStmt@30..55
            NameRef@30..41
              Ident@39..40 "x"
            Assign@41..43 ":="
            Literal@43..45
              IntLiteral@44..45 "0"
            Semicolon@45..46 ";"
          AssignStmt@55..67
            NameRef@55..57
              Ident@55..56 "y"
            Assign@57..59 ":="
            Literal@59..61
              IntLiteral@60..61 "0"
            Semicolon@61..62 ";"
        KwEndAction@67..77 "END_ACTION"
    KwEndProgram@78..89 "END_PROGRAM"
